npm : npm warn Unknown user config "python". 
This will stop working in the next major version 
of npm.
At line:1 char:1
+ npm run build > build_output.txt 2>&1
+ ~~~~~~~~~~~~~~~~~~~~~~~~~~~~~~~~~~~~~
    + CategoryInfo          : NotSpecified: (npm 
    warn Unknow...version of npm.:String) [], R  
  emoteException
    + FullyQualifiedErrorId : NativeCommandError
 

> data_analyser@0.1.0 build
> next build

Γû▓ Next.js 16.1.6 (Turbopack)
- Environments: .env.local

ΓÜá The "middleware" file convention is 
deprecated. Please use "proxy" instead. Learn 
more: https://nextjs.org/docs/messages/middleware
-to-proxy
  Creating an optimized production build ...
Γ£ô Compiled successfully in 9.0s
  Running TypeScript ...
  Collecting page data using 11 workers ...
  Generating static pages using 11 workers (0/12) ...
  Generating static pages using 11 workers (3/12) 
  Generating static pages using 11 workers (6/12) 
  Generating static pages using 11 workers (9/12) 
Γ£ô Generating static pages using 11 workers (12/12) in 4.6s
  Finalizing page optimization ...

Route (app)
Γöî Γùï /
Γö£ Γùï /_not-found
Γö£ ╞Æ /api/auth/[...nextauth]
Γö£ ╞Æ /api/auth/register
Γö£ ╞Æ /api/loans
Γö£ ╞Æ /api/loans/[id]
Γö£ ╞Æ /api/loans/due-this-month
Γö£ ╞Æ /api/loans/gl/[glNo]
Γö£ ╞Æ /api/loans/upload
Γö£ ╞Æ /api/repayments/upload
Γö£ Γùï /loans
Γö£ ╞Æ /loans/[id]
Γö£ ╞Æ /loans/gl/[glNo]
Γö£ Γùï /login
Γöö Γùï /register


╞Æ Proxy (Middleware)

Γùï  (Static)   prerendered as static content
╞Æ  (Dynamic)  server-rendered on demand

